../Core/Src/main.c:75:5:main	8	static
../Core/Src/main.c:141:6:SystemClock_Config	96	static
../Core/Src/main.c:191:13:MX_I2C1_Init	8	static
../Core/Src/main.c:239:13:MX_GPIO_Init	48	static
../Core/Src/main.c:304:6:HAL_I2C_SlaveTxCpltCallback	16	static
../Core/Src/main.c:324:6:HAL_I2C_SlaveRxCpltCallback	16	static
../Core/Src/main.c:346:6:HAL_I2C_AddrCallback	16	static
../Core/Src/main.c:382:6:HAL_I2C_ListenCpltCallback	16	static
../Core/Src/main.c:393:6:HAL_I2C_ErrorCallback	16	static
../Core/Src/main.c:411:6:Error_Handler	4	static,ignoring_inline_asm
