../Core/Src/main.c:162:5:main	8	static
../Core/Src/main.c:290:6:SystemClock_Config	96	static
../Core/Src/main.c:340:13:MX_I2C1_Init	8	static
../Core/Src/main.c:388:13:MX_I2C2_Init	8	static
../Core/Src/main.c:436:13:MX_I2C3_Init	8	static
../Core/Src/main.c:484:13:MX_USART2_UART_Init	8	static
../Core/Src/main.c:519:13:MX_GPIO_Init	48	static
../Core/Src/main.c:574:6:ht_enable_on	8	static
../Core/Src/main.c:580:6:ht_enable_off	8	static
../Core/Src/main.c:592:6:ucd_enable_on	8	static
../Core/Src/main.c:597:6:ucd_enable_off	8	static
../Core/Src/main.c:603:19:ucd_i2c_write	32	static
../Core/Src/main.c:615:6:cea_enable_on	8	static
../Core/Src/main.c:621:6:cea_enable_off	8	static
../Core/Src/main.c:627:19:cea_i2c_write	32	static
../Core/Src/main.c:634:19:cea_i2c_read	32	static
../Core/Src/main.c:641:19:cea_i2c_write_read	32	static
../Core/Src/main.c:669:6:place_ijc_dssd_hv_into_safe_state	4	static
../Core/Src/main.c:693:6:ramp_up	4	static
../Core/Src/main.c:698:6:slv_i2C_clear_buffer	24	static
../Core/Src/main.c:724:6:HAL_I2C_SlaveTxCpltCallback	16	static
../Core/Src/main.c:744:6:HAL_I2C_SlaveRxCpltCallback	16	static
../Core/Src/main.c:765:6:HAL_I2C_AddrCallback	16	static
../Core/Src/main.c:801:6:HAL_I2C_ListenCpltCallback	16	static
../Core/Src/main.c:813:6:HAL_I2C_ErrorCallback	16	static
../Core/Src/main.c:831:6:Error_Handler	4	static,ignoring_inline_asm
