../Core/Src/main.c:199:6:main	8	static
../Core/Src/main.c:321:6:SystemClock_Config	96	static
../Core/Src/main.c:371:13:MX_I2C1_Init	8	static
../Core/Src/main.c:419:13:MX_I2C2_Init	8	static
../Core/Src/main.c:467:13:MX_I2C3_Init	8	static
../Core/Src/main.c:515:13:MX_USART2_UART_Init	8	static
../Core/Src/main.c:550:13:MX_GPIO_Init	48	static
../Core/Src/main.c:607:6:copy_array	32	static
../Core/Src/main.c:616:19:i2c_write_cmd_data	48	static
../Core/Src/main.c:627:19:i2c_read	40	static
../Core/Src/main.c:634:19:i2c_write	40	static
../Core/Src/main.c:641:19:i2c_write_read	32	static
../Core/Src/main.c:675:10:max6911_read	32	static
../Core/Src/main.c:700:6:max6911_set_ctrl1_register	16	static
../Core/Src/main.c:737:6:ht_enable_on	8	static
../Core/Src/main.c:743:6:ht_enable_off	8	static
../Core/Src/main.c:755:6:ucd_board_enable_set	16	static
../Core/Src/main.c:760:6:ucd_board_enable_get	8	static
../Core/Src/main.c:765:19:ucd_i2c_write	32	static
../Core/Src/main.c:772:19:ucd_i2c_read	32	static
../Core/Src/main.c:779:19:ucd_i2c_write_cmd_data	40	static
../Core/Src/main.c:790:19:ucd_i2c_write_read	32	static
../Core/Src/main.c:826:6:ijc_board_enable_set	16	static
../Core/Src/main.c:831:6:ijc_board_enable_get	8	static
../Core/Src/main.c:844:6:cea_enable_on	8	static
../Core/Src/main.c:850:6:cea_enable_off	8	static
../Core/Src/main.c:856:19:cea_i2c_write	32	static
../Core/Src/main.c:863:19:cea_i2c_read	32	static
../Core/Src/main.c:870:19:cea_i2c_write_read	32	static
../Core/Src/main.c:933:6:i2c_slv_cmd_rx_tx_handle	16	static
../Core/Src/main.c:1068:6:i2c_slv_init	8	static
../Core/Src/main.c:1082:6:i2c_slv_clear_buffer	24	static
../Core/Src/main.c:1108:6:HAL_I2C_SlaveTxCpltCallback	16	static
../Core/Src/main.c:1121:6:HAL_I2C_SlaveRxCpltCallback	16	static
../Core/Src/main.c:1145:6:HAL_I2C_AddrCallback	16	static
../Core/Src/main.c:1186:6:HAL_I2C_ListenCpltCallback	16	static
../Core/Src/main.c:1198:6:HAL_I2C_ErrorCallback	16	static
../Core/Src/main.c:1216:6:Error_Handler	4	static,ignoring_inline_asm
