../Core/Src/main.c:180:5:main	16	static
../Core/Src/main.c:266:6:SystemClock_Config	96	static
../Core/Src/main.c:316:13:MX_I2C1_Init	8	static
../Core/Src/main.c:364:13:MX_I2C2_Init	8	static
../Core/Src/main.c:412:13:MX_I2C3_Init	8	static
../Core/Src/main.c:460:13:MX_TIM2_Init	40	static
../Core/Src/main.c:505:13:MX_USART2_UART_Init	8	static
../Core/Src/main.c:540:13:MX_GPIO_Init	48	static
../Core/Src/main.c:607:6:copy_array	32	static
../Core/Src/main.c:631:19:i2c_read	40	static
../Core/Src/main.c:638:19:i2c_write	40	static
../Core/Src/main.c:645:19:i2c_write_read	32	static
../Core/Src/main.c:679:10:max6911_read	32	static
../Core/Src/main.c:732:6:max6911_set_ctrl1_register	16	static
../Core/Src/main.c:770:6:ht_enable_set	16	static
../Core/Src/main.c:775:6:ijc_dssd_ramp_loop	24	static
../Core/Src/main.c:844:6:cea_dssd_ramp_loop	24	static
../Core/Src/main.c:907:6:ucd_board_enable_set	16	static
../Core/Src/main.c:914:6:ucd_board_enable_get	8	static
../Core/Src/main.c:920:19:ucd_i2c_write	32	static
../Core/Src/main.c:927:19:ucd_i2c_read	32	static
../Core/Src/main.c:950:19:ucd_i2c_write_read	32	static
../Core/Src/main.c:986:6:ijc_detector_init	24	static
../Core/Src/main.c:1031:6:ijc_board_enable_set	16	static
../Core/Src/main.c:1037:6:ijc_board_enable_get	8	static
../Core/Src/main.c:1043:19:ijc_i2c_write	32	static
../Core/Src/main.c:1050:19:ijc_i2c_read	32	static
../Core/Src/main.c:1072:19:ijc_i2c_write_read	32	static
../Core/Src/main.c:1108:6:cea_board_enable_set	16	static
../Core/Src/main.c:1114:6:cea_board_enable_get	8	static
../Core/Src/main.c:1122:19:cea_i2c_write	32	static
../Core/Src/main.c:1129:19:cea_i2c_read	32	static
../Core/Src/main.c:1136:19:cea_i2c_write_read	32	static
../Core/Src/main.c:1199:6:i2c_slv_cmd_rx_tx_handle	32	static
../Core/Src/main.c:1663:6:i2c_slv_init	8	static
../Core/Src/main.c:1677:6:i2c_slv_clear_buffer	24	static
../Core/Src/main.c:1703:6:HAL_I2C_SlaveTxCpltCallback	16	static
../Core/Src/main.c:1716:6:HAL_I2C_SlaveRxCpltCallback	16	static
../Core/Src/main.c:1740:6:HAL_I2C_AddrCallback	16	static
../Core/Src/main.c:1781:6:HAL_I2C_ListenCpltCallback	16	static
../Core/Src/main.c:1793:6:HAL_I2C_ErrorCallback	16	static
../Core/Src/main.c:1805:6:HAL_TIM_PeriodElapsedCallback	16	static
../Core/Src/main.c:1819:6:Error_Handler	4	static,ignoring_inline_asm
