../Core/Src/main.c:184:5:main	16	static
../Core/Src/main.c:284:6:SystemClock_Config	96	static
../Core/Src/main.c:334:13:MX_I2C1_Init	8	static
../Core/Src/main.c:382:13:MX_I2C2_Init	8	static
../Core/Src/main.c:430:13:MX_I2C3_Init	8	static
../Core/Src/main.c:478:13:MX_TIM2_Init	40	static
../Core/Src/main.c:523:13:MX_USART2_UART_Init	8	static
../Core/Src/main.c:558:13:MX_GPIO_Init	48	static
../Core/Src/main.c:625:6:copy_array	32	static
../Core/Src/main.c:649:19:i2c_read	40	static
../Core/Src/main.c:656:19:i2c_write	40	static
../Core/Src/main.c:663:19:i2c_write_read	32	static
../Core/Src/main.c:697:10:max6911_read	32	static
../Core/Src/main.c:751:6:max6911_set_ctrl1_register	16	static
../Core/Src/main.c:791:6:ht_cea_enable_set	16	static
../Core/Src/main.c:798:6:ht_cea_enable_get	8	static
../Core/Src/main.c:804:6:ht_ijc_enable_set	16	static
../Core/Src/main.c:811:6:ht_ijc_enable_get	8	static
../Core/Src/main.c:818:6:ijc_dssd_ramp_loop	24	static
../Core/Src/main.c:880:6:cea_dssd_ramp_loop	24	static
../Core/Src/main.c:943:6:make_ijc_dssd_safe	16	static
../Core/Src/main.c:1018:6:make_cea_dssd_safe	16	static
../Core/Src/main.c:1097:6:ucd_board_enable_set	16	static
../Core/Src/main.c:1104:6:ucd_board_enable_get	8	static
../Core/Src/main.c:1110:19:ucd_i2c_write	32	static
../Core/Src/main.c:1117:19:ucd_i2c_read	32	static
../Core/Src/main.c:1140:19:ucd_i2c_write_read	32	static
../Core/Src/main.c:1176:6:ijc_detector_init	24	static
../Core/Src/main.c:1222:6:cea_detector_init	24	static
../Core/Src/main.c:1269:6:ijc_board_enable_set	32	static
../Core/Src/main.c:1314:6:ijc_board_enable_get	8	static
../Core/Src/main.c:1320:19:ijc_i2c_write	32	static
../Core/Src/main.c:1327:19:ijc_i2c_read	32	static
../Core/Src/main.c:1349:19:ijc_i2c_write_read	32	static
../Core/Src/main.c:1385:6:cea_board_enable_set	32	static
../Core/Src/main.c:1429:6:cea_board_enable_get	8	static
../Core/Src/main.c:1435:19:cea_i2c_write	32	static
../Core/Src/main.c:1442:19:cea_i2c_read	32	static
../Core/Src/main.c:1461:19:cea_i2c_write_read	32	static
../Core/Src/main.c:1521:6:i2c_slv_cmd_rx_tx_handle	40	static
../Core/Src/main.c:2008:6:i2c_slv_init	8	static
../Core/Src/main.c:2022:6:i2c_slv_clear_buffer	24	static
../Core/Src/main.c:2048:6:HAL_I2C_SlaveTxCpltCallback	16	static
../Core/Src/main.c:2061:6:HAL_I2C_SlaveRxCpltCallback	16	static
../Core/Src/main.c:2085:6:HAL_I2C_AddrCallback	16	static
../Core/Src/main.c:2126:6:HAL_I2C_ListenCpltCallback	16	static
../Core/Src/main.c:2138:6:HAL_I2C_ErrorCallback	16	static
../Core/Src/main.c:2150:6:HAL_TIM_PeriodElapsedCallback	16	static
../Core/Src/main.c:2166:6:Error_Handler	4	static,ignoring_inline_asm
