../Core/Src/main.c:180:5:main	16	static
../Core/Src/main.c:266:6:SystemClock_Config	96	static
../Core/Src/main.c:316:13:MX_I2C1_Init	8	static
../Core/Src/main.c:364:13:MX_I2C2_Init	8	static
../Core/Src/main.c:412:13:MX_I2C3_Init	8	static
../Core/Src/main.c:460:13:MX_TIM2_Init	40	static
../Core/Src/main.c:505:13:MX_USART2_UART_Init	8	static
../Core/Src/main.c:540:13:MX_GPIO_Init	48	static
../Core/Src/main.c:607:6:copy_array	32	static
../Core/Src/main.c:631:19:i2c_read	40	static
../Core/Src/main.c:638:19:i2c_write	40	static
../Core/Src/main.c:645:19:i2c_write_read	32	static
../Core/Src/main.c:679:10:max6911_read	32	static
../Core/Src/main.c:733:6:max6911_set_ctrl1_register	16	static
../Core/Src/main.c:773:6:ht_enable_set	16	static
../Core/Src/main.c:778:6:ijc_dssd_ramp_loop	24	static
../Core/Src/main.c:840:6:cea_dssd_ramp_loop	24	static
../Core/Src/main.c:905:6:ucd_board_enable_set	16	static
../Core/Src/main.c:912:6:ucd_board_enable_get	8	static
../Core/Src/main.c:918:19:ucd_i2c_write	32	static
../Core/Src/main.c:925:19:ucd_i2c_read	32	static
../Core/Src/main.c:948:19:ucd_i2c_write_read	32	static
../Core/Src/main.c:984:6:ijc_detector_init	24	static
../Core/Src/main.c:1029:6:cea_detector_init	24	static
../Core/Src/main.c:1075:6:ijc_board_enable_set	16	static
../Core/Src/main.c:1081:6:ijc_board_enable_get	8	static
../Core/Src/main.c:1087:19:ijc_i2c_write	32	static
../Core/Src/main.c:1094:19:ijc_i2c_read	32	static
../Core/Src/main.c:1116:19:ijc_i2c_write_read	32	static
../Core/Src/main.c:1152:6:cea_board_enable_set	16	static
../Core/Src/main.c:1158:6:cea_board_enable_get	8	static
../Core/Src/main.c:1164:19:cea_i2c_write	32	static
../Core/Src/main.c:1171:19:cea_i2c_read	32	static
../Core/Src/main.c:1178:19:cea_i2c_write_read	32	static
../Core/Src/main.c:1236:6:i2c_slv_cmd_rx_tx_handle	32	static
../Core/Src/main.c:1705:6:i2c_slv_init	8	static
../Core/Src/main.c:1719:6:i2c_slv_clear_buffer	24	static
../Core/Src/main.c:1745:6:HAL_I2C_SlaveTxCpltCallback	16	static
../Core/Src/main.c:1758:6:HAL_I2C_SlaveRxCpltCallback	16	static
../Core/Src/main.c:1782:6:HAL_I2C_AddrCallback	16	static
../Core/Src/main.c:1823:6:HAL_I2C_ListenCpltCallback	16	static
../Core/Src/main.c:1835:6:HAL_I2C_ErrorCallback	16	static
../Core/Src/main.c:1847:6:HAL_TIM_PeriodElapsedCallback	16	static
../Core/Src/main.c:1863:6:Error_Handler	4	static,ignoring_inline_asm
