../Core/Src/main.c:162:5:main	8	static
../Core/Src/main.c:298:6:SystemClock_Config	96	static
../Core/Src/main.c:348:13:MX_I2C1_Init	8	static
../Core/Src/main.c:396:13:MX_I2C2_Init	8	static
../Core/Src/main.c:444:13:MX_I2C3_Init	8	static
../Core/Src/main.c:492:13:MX_USART2_UART_Init	8	static
../Core/Src/main.c:527:13:MX_GPIO_Init	48	static
../Core/Src/main.c:582:6:ht_enable_on	8	static
../Core/Src/main.c:588:6:ht_enable_off	8	static
../Core/Src/main.c:600:6:ucd_enable_on	8	static
../Core/Src/main.c:605:6:ucd_enable_off	8	static
../Core/Src/main.c:611:19:ucd_i2c_write	32	static
../Core/Src/main.c:623:6:cea_enable_on	8	static
../Core/Src/main.c:629:6:cea_enable_off	8	static
../Core/Src/main.c:635:19:cea_i2c_write	32	static
../Core/Src/main.c:642:19:cea_i2c_read	32	static
../Core/Src/main.c:649:19:cea_i2c_write_read	32	static
../Core/Src/main.c:677:6:place_ijc_dssd_hv_into_safe_state	4	static
../Core/Src/main.c:701:6:ramp_up	4	static
../Core/Src/main.c:706:6:slv_i2C_clear_buffer	24	static
../Core/Src/main.c:732:6:HAL_I2C_SlaveTxCpltCallback	16	static
../Core/Src/main.c:752:6:HAL_I2C_SlaveRxCpltCallback	16	static
../Core/Src/main.c:770:6:HAL_I2C_AddrCallback	16	static
../Core/Src/main.c:806:6:HAL_I2C_ListenCpltCallback	16	static
../Core/Src/main.c:818:6:HAL_I2C_ErrorCallback	16	static
../Core/Src/main.c:836:6:Error_Handler	4	static,ignoring_inline_asm
