../Core/Src/main.c:180:5:main	16	static
../Core/Src/main.c:266:6:SystemClock_Config	96	static
../Core/Src/main.c:316:13:MX_I2C1_Init	8	static
../Core/Src/main.c:364:13:MX_I2C2_Init	8	static
../Core/Src/main.c:412:13:MX_I2C3_Init	8	static
../Core/Src/main.c:460:13:MX_TIM2_Init	40	static
../Core/Src/main.c:505:13:MX_USART2_UART_Init	8	static
../Core/Src/main.c:540:13:MX_GPIO_Init	48	static
../Core/Src/main.c:607:6:copy_array	32	static
../Core/Src/main.c:631:19:i2c_read	40	static
../Core/Src/main.c:638:19:i2c_write	40	static
../Core/Src/main.c:645:19:i2c_write_read	32	static
../Core/Src/main.c:679:10:max6911_read	32	static
../Core/Src/main.c:732:6:max6911_set_ctrl1_register	16	static
../Core/Src/main.c:770:6:ht_enable_set	16	static
../Core/Src/main.c:775:6:ijc_dssd_ramp_loop	24	static
../Core/Src/main.c:834:6:cea_dssd_ramp_loop	24	static
../Core/Src/main.c:890:6:ucd_board_enable_set	16	static
../Core/Src/main.c:897:6:ucd_board_enable_get	8	static
../Core/Src/main.c:903:19:ucd_i2c_write	32	static
../Core/Src/main.c:910:19:ucd_i2c_read	32	static
../Core/Src/main.c:933:19:ucd_i2c_write_read	32	static
../Core/Src/main.c:969:6:ijc_detector_init	24	static
../Core/Src/main.c:1014:6:ijc_board_enable_set	16	static
../Core/Src/main.c:1020:6:ijc_board_enable_get	8	static
../Core/Src/main.c:1026:19:ijc_i2c_write	32	static
../Core/Src/main.c:1033:19:ijc_i2c_read	32	static
../Core/Src/main.c:1055:19:ijc_i2c_write_read	32	static
../Core/Src/main.c:1091:6:cea_board_enable_set	16	static
../Core/Src/main.c:1097:6:cea_board_enable_get	8	static
../Core/Src/main.c:1103:19:cea_i2c_write	32	static
../Core/Src/main.c:1110:19:cea_i2c_read	32	static
../Core/Src/main.c:1117:19:cea_i2c_write_read	32	static
../Core/Src/main.c:1175:6:i2c_slv_cmd_rx_tx_handle	32	static
../Core/Src/main.c:1644:6:i2c_slv_init	8	static
../Core/Src/main.c:1658:6:i2c_slv_clear_buffer	24	static
../Core/Src/main.c:1684:6:HAL_I2C_SlaveTxCpltCallback	16	static
../Core/Src/main.c:1697:6:HAL_I2C_SlaveRxCpltCallback	16	static
../Core/Src/main.c:1721:6:HAL_I2C_AddrCallback	16	static
../Core/Src/main.c:1762:6:HAL_I2C_ListenCpltCallback	16	static
../Core/Src/main.c:1774:6:HAL_I2C_ErrorCallback	16	static
../Core/Src/main.c:1786:6:HAL_TIM_PeriodElapsedCallback	16	static
../Core/Src/main.c:1802:6:Error_Handler	4	static,ignoring_inline_asm
