../Core/Src/main.c:169:5:main	24	static
../Core/Src/main.c:315:6:SystemClock_Config	96	static
../Core/Src/main.c:365:13:MX_I2C1_Init	8	static
../Core/Src/main.c:413:13:MX_I2C2_Init	8	static
../Core/Src/main.c:461:13:MX_I2C3_Init	8	static
../Core/Src/main.c:509:13:MX_TIM2_Init	40	static
../Core/Src/main.c:554:13:MX_USART2_UART_Init	8	static
../Core/Src/main.c:589:13:MX_GPIO_Init	48	static
../Core/Src/main.c:656:6:copy_array	32	static
../Core/Src/main.c:665:19:i2c_write_cmd_data	48	static
../Core/Src/main.c:676:19:i2c_read	40	static
../Core/Src/main.c:683:19:i2c_write	40	static
../Core/Src/main.c:690:19:i2c_write_read	32	static
../Core/Src/main.c:724:10:max6911_read	32	static
../Core/Src/main.c:749:6:max6911_set_ctrl1_register	16	static
../Core/Src/main.c:782:6:ijc_dssd_ramp_loop	24	static
../Core/Src/main.c:846:6:ht_enable_set	16	static
../Core/Src/main.c:856:6:ucd_board_enable_set	16	static
../Core/Src/main.c:861:6:ucd_board_enable_get	8	static
../Core/Src/main.c:866:19:ucd_i2c_write	32	static
../Core/Src/main.c:873:19:ucd_i2c_read	32	static
../Core/Src/main.c:880:19:ucd_i2c_write_cmd_data	40	static
../Core/Src/main.c:891:19:ucd_i2c_write_read	32	static
../Core/Src/main.c:927:6:ijc_board_enable_set	16	static
../Core/Src/main.c:932:6:ijc_board_enable_get	8	static
../Core/Src/main.c:937:19:ijc_i2c_write	32	static
../Core/Src/main.c:944:19:ijc_i2c_read	32	static
../Core/Src/main.c:951:19:ijc_i2c_write_cmd_data	40	static
../Core/Src/main.c:962:19:ijc_i2c_write_read	32	static
../Core/Src/main.c:998:6:cea_enable_on	8	static
../Core/Src/main.c:1004:6:cea_enable_off	8	static
../Core/Src/main.c:1010:19:cea_i2c_write	32	static
../Core/Src/main.c:1017:19:cea_i2c_read	32	static
../Core/Src/main.c:1024:19:cea_i2c_write_read	32	static
../Core/Src/main.c:1087:6:i2c_slv_cmd_rx_tx_handle	32	static
../Core/Src/main.c:1385:6:i2c_slv_init	8	static
../Core/Src/main.c:1399:6:i2c_slv_clear_buffer	24	static
../Core/Src/main.c:1425:6:HAL_I2C_SlaveTxCpltCallback	16	static
../Core/Src/main.c:1438:6:HAL_I2C_SlaveRxCpltCallback	16	static
../Core/Src/main.c:1462:6:HAL_I2C_AddrCallback	16	static
../Core/Src/main.c:1503:6:HAL_I2C_ListenCpltCallback	16	static
../Core/Src/main.c:1515:6:HAL_I2C_ErrorCallback	16	static
../Core/Src/main.c:1527:6:HAL_TIM_PeriodElapsedCallback	16	static
../Core/Src/main.c:1540:6:Error_Handler	4	static,ignoring_inline_asm
