../Core/Src/main.c:199:5:main	168	static
../Core/Src/main.c:307:6:SystemClock_Config	96	static
../Core/Src/main.c:357:13:MX_I2C1_Init	8	static
../Core/Src/main.c:405:13:MX_I2C2_Init	8	static
../Core/Src/main.c:453:13:MX_I2C3_Init	8	static
../Core/Src/main.c:501:13:MX_TIM2_Init	40	static
../Core/Src/main.c:546:13:MX_USART2_UART_Init	8	static
../Core/Src/main.c:581:13:MX_GPIO_Init	48	static
../Core/Src/main.c:648:6:copy_array	32	static
../Core/Src/main.c:672:19:i2c_read	40	static
../Core/Src/main.c:679:19:i2c_write	40	static
../Core/Src/main.c:686:19:i2c_write_read	32	static
../Core/Src/main.c:720:10:max6911_read	32	static
../Core/Src/main.c:774:6:max6911_set_ctrl1_register	16	static
../Core/Src/main.c:814:6:ht_cea_enable_set	16	static
../Core/Src/main.c:821:6:ht_cea_enable_get	8	static
../Core/Src/main.c:827:6:ht_ijc_enable_set	16	static
../Core/Src/main.c:834:6:ht_ijc_enable_get	8	static
../Core/Src/main.c:841:6:ijc_dssd_ramp_loop	24	static
../Core/Src/main.c:903:6:cea_dssd_ramp_loop	24	static
../Core/Src/main.c:966:6:make_ijc_dssd_safe	16	static
../Core/Src/main.c:1041:6:make_cea_dssd_safe	16	static
../Core/Src/main.c:1120:6:ucd_board_enable_set	16	static
../Core/Src/main.c:1127:6:ucd_board_enable_get	8	static
../Core/Src/main.c:1133:19:ucd_i2c_write	32	static
../Core/Src/main.c:1140:19:ucd_i2c_read	32	static
../Core/Src/main.c:1163:19:ucd_i2c_write_read	32	static
../Core/Src/main.c:1199:6:ijc_detector_init	24	static
../Core/Src/main.c:1245:6:cea_detector_init	24	static
../Core/Src/main.c:1292:6:ijc_board_enable_set	32	static
../Core/Src/main.c:1337:6:ijc_board_enable_get	8	static
../Core/Src/main.c:1343:19:ijc_i2c_write	32	static
../Core/Src/main.c:1350:19:ijc_i2c_read	32	static
../Core/Src/main.c:1372:19:ijc_i2c_write_read	32	static
../Core/Src/main.c:1408:6:cea_board_enable_set	32	static
../Core/Src/main.c:1452:6:cea_board_enable_get	8	static
../Core/Src/main.c:1458:19:cea_i2c_write	32	static
../Core/Src/main.c:1465:19:cea_i2c_read	32	static
../Core/Src/main.c:1484:19:cea_i2c_write_read	32	static
../Core/Src/main.c:1551:6:i2c_pt_reset	24	static
../Core/Src/main.c:1565:6:i2c_pt_prom_read_all	24	static
../Core/Src/main.c:1588:6:i2c_pt_prom_read	40	static
../Core/Src/main.c:1605:6:i2c_pt_d1_pressure_conversion	24	static
../Core/Src/main.c:1642:6:i2c_pt_d2_temperature_conversion	24	static
../Core/Src/main.c:1679:6:i2c_pt_measure_d2_temperature	32	static
../Core/Src/main.c:1694:6:i2c_pt_measure_d1_pressure	32	static
../Core/Src/main.c:1709:6:i2c_pt_adc_read_sequence	32	static
../Core/Src/main.c:1729:6:run_complete_readout	16	static
../Core/Src/main.c:1753:6:i2c_slv_cmd_rx_tx_handle	40	static
../Core/Src/main.c:2240:6:i2c_slv_init	8	static
../Core/Src/main.c:2254:6:i2c_slv_clear_buffer	24	static
../Core/Src/main.c:2280:6:HAL_I2C_SlaveTxCpltCallback	16	static
../Core/Src/main.c:2293:6:HAL_I2C_SlaveRxCpltCallback	16	static
../Core/Src/main.c:2317:6:HAL_I2C_AddrCallback	16	static
../Core/Src/main.c:2358:6:HAL_I2C_ListenCpltCallback	16	static
../Core/Src/main.c:2370:6:HAL_I2C_ErrorCallback	16	static
../Core/Src/main.c:2382:6:HAL_TIM_PeriodElapsedCallback	16	static
../Core/Src/main.c:2398:6:Error_Handler	4	static,ignoring_inline_asm
